// Vitest Snapshot v1, https://vitest.dev/guide/snapshot.html

exports[`openapi > publishes the implemented route surface 1`] = `
[
  "/",
  "/api/academic/bootstrap",
  "/api/academic/public/faculty",
  "/api/academic/runtime/{stateKey}",
  "/api/admin/academic-faculties",
  "/api/admin/academic-faculties/{academicFacultyId}",
  "/api/admin/appointments/{appointmentId}",
  "/api/admin/batches",
  "/api/admin/batches/{batchId}",
  "/api/admin/batches/{batchId}/resolved-policy",
  "/api/admin/branches",
  "/api/admin/branches/{branchId}",
  "/api/admin/courses",
  "/api/admin/courses/{courseId}",
  "/api/admin/curriculum-courses",
  "/api/admin/curriculum-courses/{curriculumCourseId}",
  "/api/admin/departments",
  "/api/admin/departments/{departmentId}",
  "/api/admin/enrollments/{enrollmentId}",
  "/api/admin/faculty",
  "/api/admin/faculty/{facultyId}",
  "/api/admin/faculty/{facultyId}/appointments",
  "/api/admin/faculty/{facultyId}/role-grants",
  "/api/admin/institution",
  "/api/admin/mentor-assignments",
  "/api/admin/mentor-assignments/{assignmentId}",
  "/api/admin/offering-ownership",
  "/api/admin/offering-ownership/{ownershipId}",
  "/api/admin/offerings",
  "/api/admin/offerings/{offeringId}",
  "/api/admin/policy-overrides",
  "/api/admin/policy-overrides/{policyOverrideId}",
  "/api/admin/requests",
  "/api/admin/requests/{requestId}",
  "/api/admin/requests/{requestId}/approve",
  "/api/admin/requests/{requestId}/assign",
  "/api/admin/requests/{requestId}/audit",
  "/api/admin/requests/{requestId}/close",
  "/api/admin/requests/{requestId}/mark-implemented",
  "/api/admin/requests/{requestId}/notes",
  "/api/admin/requests/{requestId}/reject",
  "/api/admin/requests/{requestId}/request-info",
  "/api/admin/role-grants/{grantId}",
  "/api/admin/students",
  "/api/admin/students/{studentId}",
  "/api/admin/students/{studentId}/enrollments",
  "/api/admin/terms",
  "/api/admin/terms/{termId}",
  "/api/preferences/ui",
  "/api/session",
  "/api/session/login",
  "/api/session/role-context",
  "/health",
  "/openapi.json",
]
`;
