// Vitest Snapshot v1, https://vitest.dev/guide/snapshot.html

exports[`openapi > publishes the implemented route surface 1`] = `
[
  "/",
  "/api/academic/bootstrap",
  "/api/academic/calendar-audit/sync",
  "/api/academic/faculty-calendar-workspace/{facultyId}",
  "/api/academic/faculty-profile/{facultyId}",
  "/api/academic/hod/proof-bundle",
  "/api/academic/hod/proof-courses",
  "/api/academic/hod/proof-faculty",
  "/api/academic/hod/proof-reassessments",
  "/api/academic/hod/proof-students",
  "/api/academic/hod/proof-summary",
  "/api/academic/meetings",
  "/api/academic/meetings/{meetingId}",
  "/api/academic/offerings/{offeringId}/assessment-entries/{kind}",
  "/api/academic/offerings/{offeringId}/attendance",
  "/api/academic/offerings/{offeringId}/question-papers/{kind}",
  "/api/academic/offerings/{offeringId}/scheme",
  "/api/academic/proof-reassessments/{reassessmentEventId}/acknowledge",
  "/api/academic/proof-reassessments/{reassessmentEventId}/resolve",
  "/api/academic/public/faculty",
  "/api/academic/runtime/{stateKey}",
  "/api/academic/student-shell/sessions/{sessionId}/messages",
  "/api/academic/student-shell/students/{studentId}/card",
  "/api/academic/student-shell/students/{studentId}/sessions",
  "/api/academic/student-shell/students/{studentId}/timeline",
  "/api/academic/students/{studentId}/risk-explorer",
  "/api/academic/task-placements/sync",
  "/api/academic/tasks/sync",
  "/api/admin/academic-faculties",
  "/api/admin/academic-faculties/{academicFacultyId}",
  "/api/admin/appointments/{appointmentId}",
  "/api/admin/assessment-scores",
  "/api/admin/attendance-snapshots",
  "/api/admin/audit-events",
  "/api/admin/audit-events/recent",
  "/api/admin/batches",
  "/api/admin/batches/{batchId}",
  "/api/admin/batches/{batchId}/curriculum-feature-binding",
  "/api/admin/batches/{batchId}/curriculum-feature-config",
  "/api/admin/batches/{batchId}/curriculum-feature-config/{curriculumCourseId}",
  "/api/admin/batches/{batchId}/curriculum/bootstrap",
  "/api/admin/batches/{batchId}/curriculum/linkage-candidates",
  "/api/admin/batches/{batchId}/curriculum/linkage-candidates/regenerate",
  "/api/admin/batches/{batchId}/curriculum/linkage-candidates/{curriculumLinkageCandidateId}/approve",
  "/api/admin/batches/{batchId}/curriculum/linkage-candidates/{curriculumLinkageCandidateId}/reject",
  "/api/admin/batches/{batchId}/proof-dashboard",
  "/api/admin/batches/{batchId}/proof-imports",
  "/api/admin/batches/{batchId}/proof-runs",
  "/api/admin/batches/{batchId}/provision",
  "/api/admin/batches/{batchId}/resolved-policy",
  "/api/admin/batches/{batchId}/resolved-stage-policy",
  "/api/admin/branches",
  "/api/admin/branches/{branchId}",
  "/api/admin/course-outcomes",
  "/api/admin/course-outcomes/{courseOutcomeOverrideId}",
  "/api/admin/courses",
  "/api/admin/courses/{courseId}",
  "/api/admin/curriculum-courses",
  "/api/admin/curriculum-courses/{curriculumCourseId}",
  "/api/admin/curriculum-feature-profiles",
  "/api/admin/curriculum-feature-profiles/{curriculumFeatureProfileId}",
  "/api/admin/departments",
  "/api/admin/departments/{departmentId}",
  "/api/admin/enrollments/{enrollmentId}",
  "/api/admin/faculty",
  "/api/admin/faculty-calendar/{facultyId}",
  "/api/admin/faculty/{facultyId}",
  "/api/admin/faculty/{facultyId}/appointments",
  "/api/admin/faculty/{facultyId}/role-grants",
  "/api/admin/institution",
  "/api/admin/mentor-assignments",
  "/api/admin/mentor-assignments/{assignmentId}",
  "/api/admin/offering-ownership",
  "/api/admin/offering-ownership/{ownershipId}",
  "/api/admin/offerings",
  "/api/admin/offerings/{offeringId}",
  "/api/admin/offerings/{offeringId}/advance-stage",
  "/api/admin/offerings/{offeringId}/resolved-course-outcomes",
  "/api/admin/offerings/{offeringId}/stage-eligibility",
  "/api/admin/policy-overrides",
  "/api/admin/policy-overrides/{policyOverrideId}",
  "/api/admin/proof-imports/{curriculumImportVersionId}/approve",
  "/api/admin/proof-imports/{curriculumImportVersionId}/review-crosswalks",
  "/api/admin/proof-imports/{curriculumImportVersionId}/validate",
  "/api/admin/proof-models/active",
  "/api/admin/proof-models/correlations",
  "/api/admin/proof-models/evaluation",
  "/api/admin/proof-runs/{simulationRunId}/activate",
  "/api/admin/proof-runs/{simulationRunId}/archive",
  "/api/admin/proof-runs/{simulationRunId}/checkpoints",
  "/api/admin/proof-runs/{simulationRunId}/checkpoints/{checkpointId}",
  "/api/admin/proof-runs/{simulationRunId}/checkpoints/{checkpointId}/students/{studentId}",
  "/api/admin/proof-runs/{simulationRunId}/recompute-risk",
  "/api/admin/proof-runs/{simulationRunId}/restore-snapshot",
  "/api/admin/proof-runs/{simulationRunId}/retry",
  "/api/admin/proof-runs/{simulationRunId}/students/{studentId}/evidence-timeline",
  "/api/admin/reminders",
  "/api/admin/reminders/{reminderId}",
  "/api/admin/requests",
  "/api/admin/requests/{requestId}",
  "/api/admin/requests/{requestId}/approve",
  "/api/admin/requests/{requestId}/assign",
  "/api/admin/requests/{requestId}/audit",
  "/api/admin/requests/{requestId}/close",
  "/api/admin/requests/{requestId}/mark-implemented",
  "/api/admin/requests/{requestId}/notes",
  "/api/admin/requests/{requestId}/reject",
  "/api/admin/requests/{requestId}/request-info",
  "/api/admin/role-grants/{grantId}",
  "/api/admin/search",
  "/api/admin/stage-policy-overrides",
  "/api/admin/stage-policy-overrides/{stagePolicyOverrideId}",
  "/api/admin/student-interventions",
  "/api/admin/students",
  "/api/admin/students/{studentId}",
  "/api/admin/students/{studentId}/enrollments",
  "/api/admin/terms",
  "/api/admin/terms/{termId}",
  "/api/admin/transcript-subject-results",
  "/api/admin/transcript-term-results",
  "/api/preferences/ui",
  "/api/session",
  "/api/session/login",
  "/api/session/role-context",
  "/health",
  "/openapi.json",
]
`;
